[0.031s][info][gc] Using Concurrent Mark Sweep
[14.647s][info][gc] GC(0) Pause Young (Allocation Failure) 34M->3M(123M) 10.088ms
[15.065s][info][gc] GC(1) Pause Young (Allocation Failure) 37M->7M(123M) 34.275ms
[15.439s][info][gc] GC(2) Pause Young (Allocation Failure) 41M->5M(123M) 5.027ms
[16.128s][info][gc] GC(3) Pause Young (Allocation Failure) 40M->6M(123M) 5.197ms
[16.455s][info][gc] GC(4) Pause Young (Allocation Failure) 40M->7M(123M) 6.517ms
[16.691s][info][gc] GC(5) Pause Young (Allocation Failure) 41M->8M(123M) 9.227ms
[16.888s][info][gc] GC(6) Pause Young (Allocation Failure) 43M->9M(123M) 6.045ms
[17.005s][info][gc] GC(7) Pause Young (Allocation Failure) 43M->9M(123M) 7.114ms
[17.151s][info][gc] GC(8) Pause Young (Allocation Failure) 43M->10M(123M) 6.954ms
[17.310s][info][gc] GC(9) Pause Young (Allocation Failure) 44M->11M(123M) 9.842ms
[17.413s][info][gc] GC(10) Pause Young (Allocation Failure) 45M->11M(123M) 7.702ms
[17.578s][info][gc] GC(11) Pause Young (Allocation Failure) 45M->12M(123M) 7.265ms
[17.714s][info][gc] GC(12) Pause Young (Allocation Failure) 46M->12M(123M) 10.351ms
[17.850s][info][gc] GC(13) Pause Young (Allocation Failure) 46M->13M(123M) 6.502ms
[18.042s][info][gc] GC(14) Pause Young (Allocation Failure) 47M->14M(123M) 5.242ms
[18.165s][info][gc] GC(15) Pause Young (Allocation Failure) 48M->13M(123M) 5.327ms
[18.283s][info][gc] GC(16) Pause Young (Allocation Failure) 47M->15M(123M) 6.676ms
[18.389s][info][gc] GC(17) Pause Young (Allocation Failure) 49M->17M(123M) 8.149ms
[18.552s][info][gc] GC(18) Pause Young (Allocation Failure) 51M->16M(123M) 6.092ms
[18.698s][info][gc] GC(19) Pause Young (Allocation Failure) 50M->17M(123M) 8.160ms
[18.820s][info][gc] GC(20) Pause Young (Allocation Failure) 51M->17M(123M) 6.857ms
[18.935s][info][gc] GC(21) Pause Young (Allocation Failure) 52M->18M(123M) 6.116ms
[19.070s][info][gc] GC(22) Pause Young (Allocation Failure) 53M->20M(123M) 9.841ms
[19.172s][info][gc] GC(23) Pause Young (Allocation Failure) 54M->19M(123M) 8.734ms
[19.271s][info][gc] GC(24) Pause Young (Allocation Failure) 53M->21M(123M) 9.468ms
[19.390s][info][gc] GC(25) Pause Young (Allocation Failure) 55M->22M(123M) 8.961ms
[19.496s][info][gc] GC(26) Pause Young (Allocation Failure) 56M->22M(123M) 4.941ms
[19.638s][info][gc] GC(27) Pause Young (Allocation Failure) 56M->22M(123M) 7.034ms
[19.729s][info][gc] GC(28) Pause Young (Allocation Failure) 56M->24M(123M) 5.108ms
[19.850s][info][gc] GC(29) Pause Young (Allocation Failure) 58M->24M(123M) 8.578ms
[20.022s][info][gc] GC(30) Pause Young (Allocation Failure) 58M->25M(123M) 10.460ms
[20.184s][info][gc] GC(31) Pause Young (Allocation Failure) 59M->25M(123M) 9.144ms
[20.339s][info][gc] GC(32) Pause Young (Allocation Failure) 60M->26M(123M) 8.019ms
[20.480s][info][gc] GC(33) Pause Young (Allocation Failure) 60M->27M(123M) 6.110ms
[20.642s][info][gc] GC(34) Pause Young (Allocation Failure) 61M->27M(123M) 11.370ms
[20.818s][info][gc] GC(35) Pause Young (Allocation Failure) 62M->28M(123M) 7.514ms
[20.958s][info][gc] GC(36) Pause Young (Allocation Failure) 62M->29M(123M) 9.938ms
[21.132s][info][gc] GC(37) Pause Young (Allocation Failure) 63M->31M(123M) 10.320ms
[21.281s][info][gc] GC(38) Pause Young (Allocation Failure) 65M->32M(123M) 7.879ms
[21.416s][info][gc] GC(39) Pause Young (Allocation Failure) 66M->32M(123M) 4.577ms
[21.631s][info][gc] GC(40) Pause Young (Allocation Failure) 66M->33M(123M) 9.614ms
[21.803s][info][gc] GC(41) Pause Young (Allocation Failure) 67M->34M(123M) 6.378ms
[21.949s][info][gc] GC(42) Pause Young (Allocation Failure) 68M->35M(123M) 9.363ms
[22.109s][info][gc] GC(43) Pause Young (Allocation Failure) 69M->35M(123M) 7.001ms
[22.264s][info][gc] GC(44) Pause Young (Allocation Failure) 69M->36M(123M) 11.051ms
[22.473s][info][gc] GC(45) Pause Young (Allocation Failure) 70M->36M(123M) 9.896ms
[22.743s][info][gc] GC(46) Pause Young (Allocation Failure) 70M->37M(123M) 5.959ms
[22.854s][info][gc] GC(47) Pause Young (Allocation Failure) 71M->38M(123M) 9.492ms
[22.982s][info][gc] GC(48) Pause Young (Allocation Failure) 72M->38M(123M) 11.726ms
[23.108s][info][gc] GC(49) Pause Young (Allocation Failure) 72M->39M(123M) 12.062ms
[23.245s][info][gc] GC(50) Pause Young (Allocation Failure) 73M->40M(123M) 11.468ms
[23.410s][info][gc] GC(51) Pause Young (Allocation Failure) 74M->40M(123M) 14.153ms
[23.554s][info][gc] GC(52) Pause Young (Allocation Failure) 75M->41M(123M) 11.447ms
[23.694s][info][gc] GC(53) Pause Young (Allocation Failure) 75M->42M(123M) 8.174ms
[23.944s][info][gc] GC(54) Pause Young (Allocation Failure) 76M->43M(123M) 13.101ms
[24.078s][info][gc] GC(55) Pause Young (Allocation Failure) 77M->47M(123M) 14.229ms
[24.079s][info][gc] GC(56) Pause Initial Mark 47M->47M(123M) 0.789ms
[24.079s][info][gc] GC(56) Concurrent Mark
[24.195s][info][gc] GC(56) Concurrent Mark 115.473ms
[24.195s][info][gc] GC(56) Concurrent Preclean
[24.197s][info][gc] GC(56) Concurrent Preclean 2.790ms
[24.198s][info][gc] GC(56) Concurrent Abortable Preclean
[24.279s][info][gc] GC(57) Pause Young (Allocation Failure) 81M->45M(123M) 5.256ms
[24.364s][info][gc] GC(56) Concurrent Abortable Preclean 166.852ms
[24.376s][info][gc] GC(56) Pause Remark 67M->67M(123M) 11.190ms
[24.376s][info][gc] GC(56) Concurrent Sweep
[24.398s][info][gc] GC(56) Concurrent Sweep 21.721ms
[24.398s][info][gc] GC(56) Concurrent Reset
[24.402s][info][gc] GC(56) Concurrent Reset 4.148ms
[24.425s][info][gc] GC(58) Pause Young (Allocation Failure) 75M->42M(123M) 3.831ms
[24.544s][info][gc] GC(59) Pause Young (Allocation Failure) 76M->43M(123M) 6.852ms
[24.705s][info][gc] GC(60) Pause Young (Allocation Failure) 77M->44M(123M) 7.592ms
[24.808s][info][gc] GC(61) Pause Young (Allocation Failure) 78M->45M(123M) 11.393ms
[24.917s][info][gc] GC(62) Pause Young (Allocation Failure) 79M->45M(123M) 11.662ms
[25.078s][info][gc] GC(63) Pause Young (Allocation Failure) 80M->46M(123M) 12.936ms
[25.344s][info][gc] GC(64) Pause Young (Allocation Failure) 80M->47M(123M) 12.746ms
[25.546s][info][gc] GC(65) Pause Young (Allocation Failure) 81M->47M(123M) 8.839ms
[25.749s][info][gc] GC(66) Pause Young (Allocation Failure) 82M->48M(123M) 9.596ms
[25.868s][info][gc] GC(67) Pause Young (Allocation Failure) 82M->49M(123M) 9.736ms
[25.984s][info][gc] GC(68) Pause Young (Allocation Failure) 83M->50M(123M) 8.719ms
[26.112s][info][gc] GC(69) Pause Young (Allocation Failure) 84M->50M(123M) 12.245ms
[26.655s][info][gc] GC(70) Pause Young (Allocation Failure) 84M->51M(123M) 12.802ms
[26.889s][info][gc] GC(71) Pause Young (Allocation Failure) 85M->52M(123M) 15.119ms
[27.089s][info][gc] GC(72) Pause Young (Allocation Failure) 86M->52M(123M) 8.509ms
[27.332s][info][gc] GC(73) Pause Young (Allocation Failure) 87M->53M(123M) 12.160ms
[27.598s][info][gc] GC(74) Pause Young (Allocation Failure) 87M->54M(123M) 12.511ms
[27.709s][info][gc] GC(75) Pause Young (Allocation Failure) 88M->55M(123M) 11.573ms
[27.841s][info][gc] GC(76) Pause Young (Allocation Failure) 89M->55M(123M) 13.622ms
[28.011s][info][gc] GC(77) Pause Young (Allocation Failure) 89M->57M(123M) 12.163ms
[28.219s][info][gc] GC(78) Pause Young (Allocation Failure) 91M->57M(123M) 10.664ms
[28.359s][info][gc] GC(79) Pause Young (Allocation Failure) 91M->57M(123M) 6.809ms
[28.489s][info][gc] GC(80) Pause Young (Allocation Failure) 92M->59M(123M) 9.770ms
[28.612s][info][gc] GC(81) Pause Young (Allocation Failure) 93M->60M(123M) 7.814ms
[28.721s][info][gc] GC(82) Pause Young (Allocation Failure) 94M->62M(123M) 14.163ms
[28.865s][info][gc] GC(83) Pause Young (Allocation Failure) 96M->64M(123M) 14.714ms
[29.037s][info][gc] GC(84) Pause Young (Allocation Failure) 99M->63M(123M) 28.356ms
[29.204s][info][gc] GC(85) Pause Young (Allocation Failure) 97M->64M(123M) 5.222ms
[29.322s][info][gc] GC(86) Pause Young (Allocation Failure) 98M->65M(123M) 8.231ms
[29.421s][info][gc] GC(87) Pause Young (Allocation Failure) 99M->66M(123M) 7.661ms
[29.536s][info][gc] GC(88) Pause Young (Allocation Failure) 100M->67M(123M) 12.995ms
[29.655s][info][gc] GC(89) Pause Young (Allocation Failure) 101M->68M(123M) 8.978ms
[29.776s][info][gc] GC(90) Pause Young (Allocation Failure) 102M->68M(123M) 8.203ms
[29.930s][info][gc] GC(91) Pause Young (Allocation Failure) 102M->69M(123M) 11.978ms
[30.192s][info][gc] GC(92) Pause Young (Allocation Failure) 103M->70M(123M) 13.573ms
[30.358s][info][gc] GC(93) Pause Young (Allocation Failure) 104M->70M(123M) 10.876ms
[30.469s][info][gc] GC(94) Pause Young (Allocation Failure) 104M->71M(123M) 11.371ms
[30.617s][info][gc] GC(95) Pause Young (Allocation Failure) 105M->70M(123M) 12.103ms
[30.727s][info][gc] GC(96) Pause Young (Allocation Failure) 104M->72M(123M) 9.387ms
[30.826s][info][gc] GC(97) Pause Young (Allocation Failure) 106M->73M(123M) 11.524ms
[30.936s][info][gc] GC(98) Pause Young (Allocation Failure) 107M->74M(123M) 11.848ms
[31.080s][info][gc] GC(99) Pause Young (Allocation Failure) 108M->74M(123M) 10.997ms
[31.259s][info][gc] GC(100) Pause Young (Allocation Failure) 108M->75M(123M) 13.745ms
[31.400s][info][gc] GC(101) Pause Young (Allocation Failure) 109M->76M(123M) 11.885ms
[31.549s][info][gc] GC(102) Pause Young (Allocation Failure) 110M->76M(123M) 12.819ms
[31.685s][info][gc] GC(103) Pause Young (Allocation Failure) 110M->77M(123M) 12.066ms
[31.852s][info][gc] GC(104) Pause Young (Allocation Failure) 111M->78M(123M) 33.601ms
[32.012s][info][gc] GC(105) Pause Young (Allocation Failure) 112M->78M(123M) 12.259ms
[32.138s][info][gc] GC(106) Pause Young (Allocation Failure) 112M->79M(123M) 10.707ms
[32.284s][info][gc] GC(107) Pause Young (Allocation Failure) 113M->80M(123M) 11.591ms
[32.433s][info][gc] GC(108) Pause Young (Allocation Failure) 114M->80M(123M) 12.277ms
[32.628s][info][gc] GC(109) Pause Young (Allocation Failure) 114M->81M(123M) 14.186ms
[32.791s][info][gc] GC(110) Pause Young (Allocation Failure) 115M->81M(123M) 12.316ms
[32.898s][info][gc] GC(111) Pause Young (Allocation Failure) 116M->82M(123M) 7.746ms
[32.900s][info][gc] GC(112) Pause Initial Mark 83M->83M(123M) 1.722ms
[32.900s][info][gc] GC(112) Concurrent Mark
[33.036s][info][gc] GC(113) Pause Young (Allocation Failure) 116M->83M(123M) 11.957ms
[33.071s][info][gc] GC(112) Concurrent Mark 171.123ms
[33.071s][info][gc] GC(112) Concurrent Preclean
[33.080s][info][gc] GC(112) Concurrent Preclean 8.903ms
[33.080s][info][gc] GC(112) Concurrent Abortable Preclean
[33.230s][info][gc] GC(114) Pause Young (Allocation Failure) 117M->83M(123M) 13.826ms
[33.359s][info][gc] GC(112) Concurrent Abortable Preclean 278.607ms
[33.377s][info][gc] GC(112) Pause Remark 105M->105M(123M) 17.880ms
[33.377s][info][gc] GC(112) Concurrent Sweep
[33.434s][info][gc] GC(112) Concurrent Sweep 57.137ms
[33.434s][info][gc] GC(112) Concurrent Reset
[33.440s][info][gc] GC(112) Concurrent Reset 5.874ms
[33.466s][info][gc] GC(115) Pause Young (Allocation Failure) 114M->80M(165M) 8.312ms
[33.612s][info][gc] GC(116) Pause Young (Allocation Failure) 114M->80M(165M) 8.452ms
[33.758s][info][gc] GC(117) Pause Young (Allocation Failure) 115M->82M(165M) 8.645ms
[33.934s][info][gc] GC(118) Pause Young (Allocation Failure) 116M->83M(165M) 9.127ms
[34.112s][info][gc] GC(119) Pause Young (Allocation Failure) 117M->83M(165M) 8.908ms
[34.348s][info][gc] GC(120) Pause Young (Allocation Failure) 117M->83M(165M) 9.997ms
[34.527s][info][gc] GC(121) Pause Young (Allocation Failure) 117M->84M(165M) 9.006ms
[34.682s][info][gc] GC(122) Pause Young (Allocation Failure) 118M->84M(165M) 9.319ms
[34.791s][info][gc] GC(123) Pause Young (Allocation Failure) 118M->88M(165M) 12.279ms
[34.897s][info][gc] GC(124) Pause Young (Allocation Failure) 122M->90M(165M) 10.169ms
[35.025s][info][gc] GC(125) Pause Young (Allocation Failure) 125M->90M(165M) 4.050ms
[35.155s][info][gc] GC(126) Pause Young (Allocation Failure) 124M->91M(165M) 9.024ms
[35.295s][info][gc] GC(127) Pause Young (Allocation Failure) 125M->91M(165M) 6.536ms
[35.426s][info][gc] GC(128) Pause Young (Allocation Failure) 126M->93M(165M) 8.952ms
[35.598s][info][gc] GC(129) Pause Young (Allocation Failure) 127M->93M(165M) 9.010ms
[35.736s][info][gc] GC(130) Pause Young (Allocation Failure) 128M->94M(165M) 8.841ms
[35.875s][info][gc] GC(131) Pause Young (Allocation Failure) 128M->95M(165M) 9.659ms
[36.054s][info][gc] GC(132) Pause Young (Allocation Failure) 129M->94M(165M) 8.704ms
[36.199s][info][gc] GC(133) Pause Young (Allocation Failure) 129M->96M(165M) 16.928ms
[36.310s][info][gc] GC(134) Pause Young (Allocation Failure) 130M->97M(165M) 7.406ms
[36.406s][info][gc] GC(135) Pause Young (Allocation Failure) 131M->97M(165M) 9.215ms
[36.574s][info][gc] GC(136) Pause Young (Allocation Failure) 131M->97M(165M) 10.507ms
[36.820s][info][gc] GC(137) Pause Young (Allocation Failure) 131M->98M(165M) 10.362ms
[36.999s][info][gc] GC(138) Pause Young (Allocation Failure) 132M->98M(165M) 9.602ms
[37.182s][info][gc] GC(139) Pause Young (Allocation Failure) 133M->100M(165M) 9.460ms
[37.296s][info][gc] GC(140) Pause Young (Allocation Failure) 134M->101M(165M) 9.061ms
[37.395s][info][gc] GC(141) Pause Young (Allocation Failure) 135M->100M(165M) 7.514ms
[37.516s][info][gc] GC(142) Pause Young (Allocation Failure) 135M->102M(165M) 8.966ms
[37.643s][info][gc] GC(143) Pause Young (Allocation Failure) 136M->101M(165M) 8.490ms
[37.758s][info][gc] GC(144) Pause Young (Allocation Failure) 136M->103M(165M) 7.758ms
[37.883s][info][gc] GC(145) Pause Young (Allocation Failure) 137M->104M(165M) 7.659ms
[38.004s][info][gc] GC(146) Pause Young (Allocation Failure) 138M->104M(165M) 8.505ms
[38.173s][info][gc] GC(147) Pause Young (Allocation Failure) 138M->105M(165M) 11.009ms
[38.343s][info][gc] GC(148) Pause Young (Allocation Failure) 139M->106M(165M) 8.423ms
[38.466s][info][gc] GC(149) Pause Young (Allocation Failure) 140M->106M(165M) 8.646ms
[38.583s][info][gc] GC(150) Pause Young (Allocation Failure) 140M->106M(165M) 9.096ms
[38.700s][info][gc] GC(151) Pause Young (Allocation Failure) 140M->109M(165M) 11.690ms
[38.805s][info][gc] GC(152) Pause Young (Allocation Failure) 143M->110M(165M) 7.496ms
[38.931s][info][gc] GC(153) Pause Young (Allocation Failure) 144M->111M(165M) 8.987ms
[39.103s][info][gc] GC(154) Pause Young (Allocation Failure) 145M->111M(165M) 9.074ms
[39.286s][info][gc] GC(155) Pause Young (Allocation Failure) 146M->111M(165M) 8.319ms
[39.396s][info][gc] GC(156) Pause Young (Allocation Failure) 145M->112M(165M) 8.436ms
[39.501s][info][gc] GC(157) Pause Young (Allocation Failure) 146M->113M(165M) 9.587ms
[39.623s][info][gc] GC(158) Pause Young (Allocation Failure) 147M->113M(165M) 9.456ms
[39.767s][info][gc] GC(159) Pause Young (Allocation Failure) 147M->115M(165M) 9.217ms
[39.916s][info][gc] GC(160) Pause Young (Allocation Failure) 149M->114M(165M) 9.908ms
[40.104s][info][gc] GC(161) Pause Young (Allocation Failure) 149M->116M(165M) 10.260ms
[40.259s][info][gc] GC(162) Pause Young (Allocation Failure) 150M->116M(165M) 9.336ms
[40.388s][info][gc] GC(163) Pause Young (Allocation Failure) 150M->117M(165M) 9.382ms
[40.529s][info][gc] GC(164) Pause Young (Allocation Failure) 151M->117M(165M) 8.866ms
[40.711s][info][gc] GC(165) Pause Young (Allocation Failure) 151M->119M(165M) 8.770ms
[40.835s][info][gc] GC(166) Pause Young (Allocation Failure) 153M->118M(165M) 9.635ms
[40.948s][info][gc] GC(167) Pause Young (Allocation Failure) 152M->119M(165M) 8.391ms
[41.108s][info][gc] GC(168) Pause Young (Allocation Failure) 153M->120M(165M) 9.125ms
[41.266s][info][gc] GC(169) Pause Young (Allocation Failure) 154M->121M(165M) 9.138ms
[41.267s][info][gc] GC(170) Pause Initial Mark 121M->121M(165M) 1.086ms
[41.267s][info][gc] GC(170) Concurrent Mark
[41.471s][info][gc] GC(171) Pause Young (Allocation Failure) 155M->121M(165M) 9.642ms
[41.541s][info][gc] GC(170) Concurrent Mark 273.363ms
[41.541s][info][gc] GC(170) Concurrent Preclean
[41.556s][info][gc] GC(170) Concurrent Preclean 14.976ms
[41.556s][info][gc] GC(170) Concurrent Abortable Preclean
[41.635s][info][gc] GC(172) Pause Young (Allocation Failure) 155M->122M(165M) 9.435ms
[41.714s][info][gc] GC(170) Concurrent Abortable Preclean 158.428ms
[41.724s][info][gc] GC(170) Pause Remark 143M->143M(165M) 10.193ms
[41.725s][info][gc] GC(170) Concurrent Sweep
[41.783s][info][gc] GC(173) Pause Young (Allocation Failure) 153M->119M(165M) 8.213ms
[41.785s][info][gc] GC(170) Concurrent Sweep 60.209ms
[41.785s][info][gc] GC(170) Concurrent Reset
[41.788s][info][gc] GC(170) Concurrent Reset 3.075ms
[41.902s][info][gc] GC(174) Pause Young (Allocation Failure) 153M->120M(231M) 11.063ms
[42.012s][info][gc] GC(175) Pause Young (Allocation Failure) 154M->120M(231M) 8.011ms
[42.145s][info][gc] GC(176) Pause Young (Allocation Failure) 154M->121M(231M) 7.749ms
[42.360s][info][gc] GC(177) Pause Young (Allocation Failure) 155M->122M(231M) 11.504ms
[42.543s][info][gc] GC(178) Pause Young (Allocation Failure) 156M->122M(231M) 8.263ms
[42.670s][info][gc] GC(179) Pause Young (Allocation Failure) 156M->123M(231M) 8.863ms
[42.783s][info][gc] GC(180) Pause Young (Allocation Failure) 157M->124M(231M) 8.693ms
[42.889s][info][gc] GC(181) Pause Young (Allocation Failure) 158M->124M(231M) 8.175ms
[43.003s][info][gc] GC(182) Pause Young (Allocation Failure) 158M->125M(231M) 8.506ms
[43.134s][info][gc] GC(183) Pause Young (Allocation Failure) 159M->126M(231M) 10.468ms
[43.327s][info][gc] GC(184) Pause Young (Allocation Failure) 160M->126M(231M) 8.599ms
[43.497s][info][gc] GC(185) Pause Young (Allocation Failure) 160M->131M(231M) 11.139ms
[43.691s][info][gc] GC(186) Pause Young (Allocation Failure) 165M->133M(231M) 9.167ms
[43.797s][info][gc] GC(187) Pause Young (Allocation Failure) 167M->133M(231M) 6.369ms
[43.915s][info][gc] GC(188) Pause Young (Allocation Failure) 167M->133M(231M) 4.958ms
[44.052s][info][gc] GC(189) Pause Young (Allocation Failure) 167M->134M(231M) 5.598ms
[44.277s][info][gc] GC(190) Pause Young (Allocation Failure) 168M->136M(231M) 8.776ms
[44.398s][info][gc] GC(191) Pause Young (Allocation Failure) 170M->136M(231M) 8.178ms
[44.515s][info][gc] GC(192) Pause Young (Allocation Failure) 170M->137M(231M) 7.719ms
[44.634s][info][gc] GC(193) Pause Young (Allocation Failure) 171M->137M(231M) 7.848ms
[44.748s][info][gc] GC(194) Pause Young (Allocation Failure) 171M->138M(231M) 8.524ms
[44.853s][info][gc] GC(195) Pause Young (Allocation Failure) 172M->138M(231M) 7.557ms
[44.972s][info][gc] GC(196) Pause Young (Allocation Failure) 172M->139M(231M) 7.591ms
[45.091s][info][gc] GC(197) Pause Young (Allocation Failure) 173M->140M(231M) 7.948ms
[45.250s][info][gc] GC(198) Pause Young (Allocation Failure) 174M->141M(231M) 10.151ms
[45.393s][info][gc] GC(199) Pause Young (Allocation Failure) 175M->141M(231M) 9.417ms
[45.548s][info][gc] GC(200) Pause Young (Allocation Failure) 175M->141M(231M) 12.641ms
[45.698s][info][gc] GC(201) Pause Young (Allocation Failure) 175M->142M(231M) 8.312ms
[45.808s][info][gc] GC(202) Pause Young (Allocation Failure) 176M->142M(231M) 7.667ms
[45.918s][info][gc] GC(203) Pause Young (Allocation Failure) 176M->144M(231M) 7.969ms
[46.025s][info][gc] GC(204) Pause Young (Allocation Failure) 178M->145M(231M) 7.632ms
[46.145s][info][gc] GC(205) Pause Young (Allocation Failure) 179M->144M(231M) 8.131ms
[46.265s][info][gc] GC(206) Pause Young (Allocation Failure) 178M->146M(231M) 7.679ms
[46.381s][info][gc] GC(207) Pause Young (Allocation Failure) 180M->146M(231M) 8.347ms
[46.531s][info][gc] GC(208) Pause Young (Allocation Failure) 180M->147M(231M) 9.850ms
[46.703s][info][gc] GC(209) Pause Young (Allocation Failure) 181M->148M(231M) 9.348ms
[46.848s][info][gc] GC(210) Pause Young (Allocation Failure) 182M->147M(231M) 7.916ms
[46.994s][info][gc] GC(211) Pause Young (Allocation Failure) 182M->149M(231M) 7.321ms
[47.218s][info][gc] GC(212) Pause Young (Allocation Failure) 183M->149M(231M) 11.887ms
[47.342s][info][gc] GC(213) Pause Young (Allocation Failure) 183M->150M(231M) 7.850ms
[47.457s][info][gc] GC(214) Pause Young (Allocation Failure) 184M->151M(231M) 7.372ms
[47.574s][info][gc] GC(215) Pause Young (Allocation Failure) 185M->151M(231M) 8.014ms
[47.711s][info][gc] GC(216) Pause Young (Allocation Failure) 185M->152M(231M) 7.967ms
[47.852s][info][gc] GC(217) Pause Young (Allocation Failure) 186M->153M(231M) 7.505ms
